@ Row 1
 merchant_id | m-1001
 txn_time    | 2026-03-01 10:15:00.000Z
 amount      | 12.50
 tags        | {'a', 'b'}
 note        | paid
             | by card

@ Row 2
 merchant_id | m-1002
 txn_time    | 2026-03-02 08:00:00.000Z
 amount      | 7
 tags        | {}
 note        | null

@ Row 3
 merchant_id | m-ünï-1003
 txn_time    | 2026-03-03 23:59:59.999Z
 amount      | 1234567.89
 tags        | {'x'}
 note        | a very long note that will not fit in a narrow terminal window at all

