[90m┌─────────────┬──────────────────────────┐[0m
[90m│[0m [36m[1mmerchant_id[0m [90m│[0m [36m[4mtxn_time[0m                 [90m│[0m
[90m├─────────────┼──────────────────────────┤[0m
[90m│[0m m-1001      [90m│[0m [34m2026-03-01 10:15:00.000Z[0m [90m│[0m
[90m│[0m m-1002      [90m│[0m [34m2026-03-02 08:00:00.000Z[0m [90m│[0m
[90m└─────────────┴──────────────────────────┘[0m
