┌─────────────┬─────────────┬────────────┬────────────┬──────────────┐
│ merchant_id │ txn_time    │ amount     │ tags       │ note         │
├─────────────┼─────────────┼────────────┼────────────┼──────────────┤
│ m-1001      │ 2026-03-01… │      12.50 │ {'a', 'b'} │ paid\nby ca… │
│ m-1002      │ 2026-03-02… │          7 │ {}         │ null         │
│ m-ünï-1003  │ 2026-03-03… │ 1234567.89 │ {'x'}      │ a very long… │
└─────────────┴─────────────┴────────────┴────────────┴──────────────┘
