-- 0 set_cell: set merchant_name
cql:     UPDATE payments.transactions_by_merchant SET merchant_name = ? WHERE merchant_id = ? AND txn_day = ?;
preview: UPDATE payments.transactions_by_merchant SET merchant_name = 'Acme' WHERE merchant_id = 7c9e6679-7425-40de-944b-e07fc1f90ae7 AND txn_day = '2026-09-30';
args:    string(Acme) gocql.UUID(7c9e6679-7425-40de-944b-e07fc1f90ae7) time.Time(2026-09-30 00:00:00 +0000 UTC)

